2025-04-04 05:35:42.485136 - Received CBT.V508.FILE180.PDS from FILE180.XMI 
2025-04-04 05:35:42.486858 - Found $.txt (text/plain) in CBT.V508.FILE180.PDS, moved to PDS/$
2025-04-04 05:35:42.487035 - Found $$$#DATE.txt (text/plain) in CBT.V508.FILE180.PDS, moved to PDS/$$$#DATE
2025-04-04 05:35:42.487202 - Found $$$CPYRT.txt (text/plain) in CBT.V508.FILE180.PDS, moved to PDS/$$$CPYRT
2025-04-04 05:35:42.487352 - Found @FILE180.txt (text/plain) in CBT.V508.FILE180.PDS, moved to PDS/@FILE180
2025-04-04 05:35:42.488397 - Found CALC.txt (text/plain) in CBT.V508.FILE180.PDS, moved to PDS/CALC
2025-04-04 05:35:42.488581 - Found CHIMP.txt (text/plain) in CBT.V508.FILE180.PDS, moved to PDS/CHIMP
2025-04-04 05:35:42.488812 - Found CLISTSET.txt (text/plain) in CBT.V508.FILE180.PDS, moved to PDS/CLISTSET
2025-04-04 05:35:42.488941 - Found CLOCK.txt (text/plain) in CBT.V508.FILE180.PDS, moved to PDS/CLOCK
2025-04-04 05:35:42.489091 - Found CONS.txt (text/plain) in CBT.V508.FILE180.PDS, moved to PDS/CONS
2025-04-04 05:35:42.489249 - Found CORE.txt (text/plain) in CBT.V508.FILE180.PDS, moved to PDS/CORE
2025-04-04 05:35:42.489372 - Found CORECBS.txt (text/plain) in CBT.V508.FILE180.PDS, moved to PDS/CORECBS
2025-04-04 05:35:42.489508 - Found DATETIME.txt (text/plain) in CBT.V508.FILE180.PDS, moved to PDS/DATETIME
2025-04-04 05:35:42.489704 - Found DELAY.txt (text/plain) in CBT.V508.FILE180.PDS, moved to PDS/DELAY
2025-04-04 05:35:42.489879 - Found DEX.txt (text/plain) in CBT.V508.FILE180.PDS, moved to PDS/DEX
2025-04-04 05:35:42.490064 - Found DISC.txt (text/plain) in CBT.V508.FILE180.PDS, moved to PDS/DISC
2025-04-04 05:35:42.490220 - Found DMOD.txt (text/plain) in CBT.V508.FILE180.PDS, moved to PDS/DMOD
2025-04-04 05:35:42.490347 - Found DPAGE.txt (text/plain) in CBT.V508.FILE180.PDS, moved to PDS/DPAGE
2025-04-04 05:35:42.490491 - Found DSAT.txt (text/plain) in CBT.V508.FILE180.PDS, moved to PDS/DSAT
2025-04-04 05:35:42.490635 - Found DUCB.txt (text/plain) in CBT.V508.FILE180.PDS, moved to PDS/DUCB
2025-04-04 05:35:42.490753 - Found DUSERS.txt (text/plain) in CBT.V508.FILE180.PDS, moved to PDS/DUSERS
2025-04-04 05:35:42.490868 - Found ENQ.txt (text/plain) in CBT.V508.FILE180.PDS, moved to PDS/ENQ
2025-04-04 05:35:42.491023 - Found LAU.txt (text/plain) in CBT.V508.FILE180.PDS, moved to PDS/LAU
2025-04-04 05:35:42.491144 - Found LISTVO.txt (text/plain) in CBT.V508.FILE180.PDS, moved to PDS/LISTVO
2025-04-04 05:35:42.491262 - Found LOCK.txt (text/plain) in CBT.V508.FILE180.PDS, moved to PDS/LOCK
2025-04-04 05:35:42.491401 - Found LSTA.txt (text/plain) in CBT.V508.FILE180.PDS, moved to PDS/LSTA
2025-04-04 05:35:42.491524 - Found MS.txt (text/plain) in CBT.V508.FILE180.PDS, moved to PDS/MS
2025-04-04 05:35:42.491637 - Found OPERCMD.txt (text/plain) in CBT.V508.FILE180.PDS, moved to PDS/OPERCMD
2025-04-04 05:35:42.491756 - Found RELEASE.txt (text/plain) in CBT.V508.FILE180.PDS, moved to PDS/RELEASE
2025-04-04 05:35:42.491877 - Found SPFLIB.txt (text/plain) in CBT.V508.FILE180.PDS, moved to PDS/SPFLIB
2025-04-04 05:35:42.492036 - Found TALK.txt (text/plain) in CBT.V508.FILE180.PDS, moved to PDS/TALK
2025-04-04 05:35:42.492150 - Found TASKLIB.txt (text/plain) in CBT.V508.FILE180.PDS, moved to PDS/TASKLIB
2025-04-04 05:35:42.492269 - Found TERMIO1.txt (text/plain) in CBT.V508.FILE180.PDS, moved to PDS/TERMIO1
2025-04-04 05:35:42.492395 - Found TERMIO2.txt (text/plain) in CBT.V508.FILE180.PDS, moved to PDS/TERMIO2
2025-04-04 05:35:42.492533 - Found TERMIO3.txt (text/plain) in CBT.V508.FILE180.PDS, moved to PDS/TERMIO3
2025-04-04 05:35:42.492689 - Found TERMIO4.txt (text/plain) in CBT.V508.FILE180.PDS, moved to PDS/TERMIO4
2025-04-04 05:35:42.492814 - Found TERMIO5.txt (text/plain) in CBT.V508.FILE180.PDS, moved to PDS/TERMIO5
2025-04-04 05:35:42.492934 - Found TMPSRV.txt (text/plain) in CBT.V508.FILE180.PDS, moved to PDS/TMPSRV
2025-04-04 05:35:42.493056 - Found TSLINE.txt (text/plain) in CBT.V508.FILE180.PDS, moved to PDS/TSLINE
2025-04-04 05:35:42.493174 - Found VMCP.txt (text/plain) in CBT.V508.FILE180.PDS, moved to PDS/VMCP
2025-04-04 05:35:42.493295 - Found WHICH.txt (text/plain) in CBT.V508.FILE180.PDS, moved to PDS/WHICH
2025-04-04 05:35:42.493419 - Found WHOAMI.txt (text/plain) in CBT.V508.FILE180.PDS, moved to PDS/WHOAMI
2025-04-04 05:35:42.493535 - Found WHOHAS.txt (text/plain) in CBT.V508.FILE180.PDS, moved to PDS/WHOHAS
